


ARM Macro Assembler    Page 1 


    1 00000000                 AREA             RESET,CODE,READONLY
    2 00000000                 EXPORT           __Vectors
    3 00000000         __Vectors
    4 00000000 40001000        DCD              0x40001000
    5 00000004 00000000        DCD              Reset_Handler
    6 00000008                 ALIGN
    7 00000008                 AREA             mycode,CODE,READONLY
    8 00000000                 ENTRY
    9 00000000                 EXPORT           Reset_Handler
   10 00000000         Reset_Handler
   11 00000000 4812            ldr              r0,=num1
   12 00000002 4913            ldr              r1,=num2
   13 00000004 4D13            ldr              r5,=DST
   14 00000006 F04F 0604       mov              r6,#4
   15 0000000A F850 2B04 
                       up      ldr              r2,[r0],#4
   16 0000000E F851 3B04       ldr              r3,[r1],#4
   17 00000012 EB52 0403       adcs             r4,r2,r3
   18 00000016 F845 4B04       str              r4,[r5],#4
   19 0000001A F1A6 0601       sub              r6,#1
   20 0000001E F096 0F00       teq              r6,#0
   21 00000022 D1F2            bne              up
   22 00000024 F147 0700       adc              r7,#0
   23 00000028 602F            str              r7,[r5]
   24 0000002A E7FE    stop    b                stop
   25 0000002C 00000002 
              00000001 
              FFFFFFFF 
              00000006 num1    DCD              0x2,0x1,-0x1,0x6
   26 0000003C 00000003 
              00000003 
              00000007 
              00000004 num2    DCD              0x3,0x3,0x7,0x4
   27 0000004C 00000000 
              00000000 
              00000000         AREA             mydata,DATA,READWRITE
   28 00000000 00000000 
              00000000 DST     DCD              0x0,0x0
   29 00000008                 end
Command Line: --debug --xref --cpu=Cortex-M3 --apcs=interwork --depend=add128bi
t.d -oadd128bit.o -I"F:\Keil uVision\ARM\RV31\INC" -I"F:\Keil uVision\ARM\CMSIS
\Include" -I"F:\Keil uVision\ARM\Inc\NXP\LPC17xx" --list=add128bit.lst add128bi
t.s



ARM Macro Assembler    Page 1 Alphabetic symbol ordering
Relocatable symbols

RESET 00000000

Symbol: RESET
   Definitions
      At line 1 in file add128bit.s
   Uses
      None
Comment: RESET unused
__Vectors 00000000

Symbol: __Vectors
   Definitions
      At line 3 in file add128bit.s
   Uses
      At line 2 in file add128bit.s
Comment: __Vectors used once
2 symbols



ARM Macro Assembler    Page 1 Alphabetic symbol ordering
Relocatable symbols

Reset_Handler 00000000

Symbol: Reset_Handler
   Definitions
      At line 10 in file add128bit.s
   Uses
      At line 5 in file add128bit.s
      At line 9 in file add128bit.s

mycode 00000000

Symbol: mycode
   Definitions
      At line 7 in file add128bit.s
   Uses
      None
Comment: mycode unused
num1 0000002C

Symbol: num1
   Definitions
      At line 25 in file add128bit.s
   Uses
      At line 11 in file add128bit.s
Comment: num1 used once
num2 0000003C

Symbol: num2
   Definitions
      At line 26 in file add128bit.s
   Uses
      At line 12 in file add128bit.s
Comment: num2 used once
stop 0000002A

Symbol: stop
   Definitions
      At line 24 in file add128bit.s
   Uses
      At line 24 in file add128bit.s
Comment: stop used once
up 0000000A

Symbol: up
   Definitions
      At line 15 in file add128bit.s
   Uses
      At line 21 in file add128bit.s
Comment: up used once
6 symbols



ARM Macro Assembler    Page 1 Alphabetic symbol ordering
Relocatable symbols

DST 00000000

Symbol: DST
   Definitions
      At line 28 in file add128bit.s
   Uses
      At line 13 in file add128bit.s
Comment: DST used once
mydata 00000000

Symbol: mydata
   Definitions
      At line 27 in file add128bit.s
   Uses
      None
Comment: mydata unused
2 symbols
342 symbols in table
