


ARM Macro Assembler    Page 1 


    1 00000000                 AREA             RESET,DATA,READONLY
    2 00000000                 EXPORT           __Vectors
    3 00000000         __Vectors
    4 00000000 40001000        DCD              0x40001000
    5 00000004 00000000        DCD              Reset_Handler
    6 00000008                 ALIGN
    7 00000008                 AREA             mycode,CODE,READONLY
    8 00000000                 ENTRY
    9 00000000                 EXPORT           Reset_Handler
   10 00000000         Reset_Handler
   11 00000000 F04F 000A       MOV              r0,#10
   12 00000004 4905            LDR              r1,=(SRC+(4*10)-4)
   13 00000006 4A06            LDR              r2,=(SRC+(4*10*2)-34)
   14 00000008 680B    up      LDR              r3,[r1]
   15 0000000A F1A1 0104       SUB              r1,#04
   16 0000000E 6013            STR              r3,[r2]
   17 00000010 F1A2 0204       SUB              r2,#04
   18 00000014 3801            SUBS             r0,#01
   19 00000016 D1F7            BNE              up
   20 00000018 E7FE    stop    b                stop
   21 0000001A         
   22 0000001A 00 00 00000024 
              0000002E         AREA             mydata,DATA,READWRITE
   23 00000000 00001234 
              00003456 
              00006789 
              00000023 
              00000000 
              00000001 
              00000002 
              12345678 
              00000099 
              00000088 SRC     DCD              0x1234,0x3456,0x6789,0x23,0x00,
0x01,0x02,0x12345678,0x99,0x88
   24 00000028                 END
Command Line: --debug --xref --cpu=Cortex-M3 --apcs=interwork --depend=overlap.
d -ooverlap.o -I"F:\Keil uVision\ARM\RV31\INC" -I"F:\Keil uVision\ARM\CMSIS\Inc
lude" -I"F:\Keil uVision\ARM\Inc\NXP\LPC17xx" --list=overlap.lst overlap.s



ARM Macro Assembler    Page 1 Alphabetic symbol ordering
Relocatable symbols

RESET 00000000

Symbol: RESET
   Definitions
      At line 1 in file overlap.s
   Uses
      None
Comment: RESET unused
__Vectors 00000000

Symbol: __Vectors
   Definitions
      At line 3 in file overlap.s
   Uses
      At line 2 in file overlap.s
Comment: __Vectors used once
2 symbols



ARM Macro Assembler    Page 1 Alphabetic symbol ordering
Relocatable symbols

Reset_Handler 00000000

Symbol: Reset_Handler
   Definitions
      At line 10 in file overlap.s
   Uses
      At line 5 in file overlap.s
      At line 9 in file overlap.s

mycode 00000000

Symbol: mycode
   Definitions
      At line 7 in file overlap.s
   Uses
      None
Comment: mycode unused
stop 00000018

Symbol: stop
   Definitions
      At line 20 in file overlap.s
   Uses
      At line 20 in file overlap.s
Comment: stop used once
up 00000008

Symbol: up
   Definitions
      At line 14 in file overlap.s
   Uses
      At line 19 in file overlap.s
Comment: up used once
4 symbols



ARM Macro Assembler    Page 1 Alphabetic symbol ordering
Relocatable symbols

SRC 00000000

Symbol: SRC
   Definitions
      At line 23 in file overlap.s
   Uses
      At line 12 in file overlap.s
      At line 13 in file overlap.s

mydata 00000000

Symbol: mydata
   Definitions
      At line 22 in file overlap.s
   Uses
      None
Comment: mydata unused
2 symbols
340 symbols in table
