


ARM Macro Assembler    Page 1 


    1 00000000         ; QUESTION 2
    2 00000000         ; Perform R9=R8+R7
    3 00000000         ; Perform R11=R10+R9
    4 00000000         
    5 00000000                 AREA             RESET, DATA, READONLY
    6 00000000                 EXPORT           __Vectors
    7 00000000         
    8 00000000         __Vectors
    9 00000000 10001000        DCD              0x10001000
   10 00000004 00000000        DCD              Reset_Handler
   11 00000008                 ALIGN
   12 00000008                 AREA             mycode, CODE, READONLY
   13 00000000                 ENTRY
   14 00000000                 EXPORT           Reset_Handler
   15 00000000         
   16 00000000         Reset_Handler
   17 00000000 4F05            LDR              R7, =-0x13
   18 00000002 F04F 081E       LDR              R8, =30
   19 00000006 F04F 0923       LDR              R9, =35
   20 0000000A F8DF A010       LDR              R10, =-0x2F
   21 0000000E EB17 0908       ADDS             R9,R7,R8
   22 00000012 EB19 0B0A       ADDS             R11,R9,R10
   23 00000016         
   24 00000016         STOP
   25 00000016 E7FE            B                STOP
   26 00000018         
   27 00000018                 END
              FFFFFFED 
              FFFFFFD1 
Command Line: --debug --xref --cpu=Cortex-M3 --apcs=interwork --depend=practice
2.d -opractice2.o -IC:\Keil\ARM\RV31\INC -IC:\Keil\ARM\CMSIS\Include -IC:\Keil\
ARM\Inc\NXP\LPC17xx --predefine="__EVAL SETA 1" --list=practice2.lst practice2.
s



ARM Macro Assembler    Page 1 Alphabetic symbol ordering
Relocatable symbols

RESET 00000000

Symbol: RESET
   Definitions
      At line 5 in file practice2.s
   Uses
      None
Comment: RESET unused
__Vectors 00000000

Symbol: __Vectors
   Definitions
      At line 8 in file practice2.s
   Uses
      At line 6 in file practice2.s
Comment: __Vectors used once
2 symbols



ARM Macro Assembler    Page 1 Alphabetic symbol ordering
Relocatable symbols

Reset_Handler 00000000

Symbol: Reset_Handler
   Definitions
      At line 16 in file practice2.s
   Uses
      At line 10 in file practice2.s
      At line 14 in file practice2.s

STOP 00000016

Symbol: STOP
   Definitions
      At line 24 in file practice2.s
   Uses
      At line 25 in file practice2.s
Comment: STOP used once
mycode 00000000

Symbol: mycode
   Definitions
      At line 12 in file practice2.s
   Uses
      None
Comment: mycode unused
3 symbols
338 symbols in table
