<html>
<body>
<pre>
<h1>µVision Build Log</h1>
<h2>Project:</h2>
E:\Study\OneDrive - Manipal Academy of Higher Education\Third Year\ESD\Lab1\Lab1.uvproj
Project File Date:  01/29/2024

<h2>Output:</h2>
assembling reverse_array.s...
reverse_array.s - 0 Error(s), 0 Warning(s).
Build target 'Target 1'
linking...
ReverseArray.sct(8): warning: L6314W: No section matches pattern *(InRoot$$Sections).
Program Size: Code=80 RO-data=8 RW-data=8 ZI-data=0  
"ReverseArray.axf" - 0 Error(s), 1 Warning(s).
assembling reverse_array.s...
reverse_array.s(41): warning: A1581W: Added 2 bytes of padding at address 0x42
reverse_array.s - 0 Error(s), 1 Warning(s).
Build target 'Target 1'
linking...
ReverseArray.sct(8): warning: L6314W: No section matches pattern *(InRoot$$Sections).
Program Size: Code=116 RO-data=8 RW-data=8 ZI-data=0  
"ReverseArray.axf" - 0 Error(s), 1 Warning(s).
Rebuild target 'Target 1'
assembling reverse_array.s...
reverse_array.s(41): warning: A1581W: Added 2 bytes of padding at address 0x42
linking...
ReverseArray.sct(8): warning: L6314W: No section matches pattern *(InRoot$$Sections).
Program Size: Code=116 RO-data=8 RW-data=8 ZI-data=0  
"ReverseArray.axf" - 0 Error(s), 2 Warning(s).
assembling reverse_array.s...
reverse_array.s(41): warning: A1581W: Added 2 bytes of padding at address 0x42
reverse_array.s - 0 Error(s), 1 Warning(s).
Build target 'Target 1'
linking...
ReverseArray.sct(8): warning: L6314W: No section matches pattern *(InRoot$$Sections).
Program Size: Code=116 RO-data=8 RW-data=8 ZI-data=0  
"ReverseArray.axf" - 0 Error(s), 1 Warning(s).
assembling reverse_array.s...
reverse_array.s(41): warning: A1581W: Added 2 bytes of padding at address 0x42
reverse_array.s - 0 Error(s), 1 Warning(s).
Build target 'Target 1'
linking...
ReverseArray.sct(8): warning: L6314W: No section matches pattern *(InRoot$$Sections).
Program Size: Code=116 RO-data=8 RW-data=8 ZI-data=0  
"ReverseArray.axf" - 0 Error(s), 1 Warning(s).
assembling reverse_array.s...
reverse_array.s(42): warning: A1581W: Added 2 bytes of padding at address 0x46
reverse_array.s - 0 Error(s), 1 Warning(s).
Build target 'Target 1'
linking...
ReverseArray.sct(8): warning: L6314W: No section matches pattern *(InRoot$$Sections).
Program Size: Code=124 RO-data=8 RW-data=8 ZI-data=0  
"ReverseArray.axf" - 0 Error(s), 1 Warning(s).
assembling reverse_array.s...
reverse_array.s(42): warning: A1581W: Added 2 bytes of padding at address 0x46
reverse_array.s - 0 Error(s), 1 Warning(s).
Build target 'Target 1'
linking...
ReverseArray.sct(8): warning: L6314W: No section matches pattern *(InRoot$$Sections).
Program Size: Code=124 RO-data=8 RW-data=8 ZI-data=0  
"ReverseArray.axf" - 0 Error(s), 1 Warning(s).
assembling reverse_array.s...
reverse_array.s - 0 Error(s), 0 Warning(s).
Build target 'Target 1'
linking...
ReverseArray.sct(8): warning: L6314W: No section matches pattern *(InRoot$$Sections).
Program Size: Code=116 RO-data=8 RW-data=8 ZI-data=0  
"ReverseArray.axf" - 0 Error(s), 1 Warning(s).
