ARM Linker, 5.02 [Build 28] [MDK-ARM Lite]

==============================================================================

Section Cross References

    sub128bit.o(RESET) refers to sub128bit.o(mycode) for Reset_Handler
    sub128bit.o(mycode) refers to sub128bit.o(dataseg) for ans


==============================================================================

Image Symbol Table

    Local Symbols

    Symbol Name                              Value     Ov Type        Size  Object(Section)

    RESET                                    0x00000000   Section        8  sub128bit.o(RESET)
    sub128bit.s                              0x00000000   Number         0  sub128bit.o ABSOLUTE
    mycode                                   0x00000008   Section       88  sub128bit.o(mycode)
    num1                                     0x00000034   Data          16  sub128bit.o(mycode)
    num2                                     0x00000044   Data          16  sub128bit.o(mycode)
    dataseg                                  0x10000000   Section        4  sub128bit.o(dataseg)
    ans                                      0x10000000   Data           4  sub128bit.o(dataseg)

    Global Symbols

    Symbol Name                              Value     Ov Type        Size  Object(Section)

    BuildAttributes$$THM_ISAv4$P$D$K$B$S$PE$A:L22UL41UL21$X:L11$S22US41US21$IEEE1$IW$USESV6$~STKCKD$USESV7$~SHL$OSPACE$EBA8$STANDARDLIB$PRES8$EABIv2 0x00000000   Number         0  anon$$obj.o ABSOLUTE
    __Vectors                                0x00000000   Data           0  sub128bit.o(RESET)
    Reset_Handler                            0x00000009   Thumb Code     0  sub128bit.o(mycode)



==============================================================================

Memory Map of the image

  Image Entry point : 0x00000009

  Load Region LR_IROM1 (Base: 0x00000000, Size: 0x00000064, Max: 0x00080000, ABSOLUTE)

    Execution Region ER_IROM1 (Base: 0x00000000, Size: 0x00000060, Max: 0x00080000, ABSOLUTE)

    Base Addr    Size         Type   Attr      Idx    E Section Name        Object

    0x00000000   0x00000008   Data   RO            1    RESET               sub128bit.o
    0x00000008   0x00000058   Code   RO            2  * mycode              sub128bit.o


    Execution Region RW_IRAM1 (Base: 0x10000000, Size: 0x00000004, Max: 0x00008000, ABSOLUTE)

    Base Addr    Size         Type   Attr      Idx    E Section Name        Object

    0x10000000   0x00000004   Data   RW            3    dataseg             sub128bit.o


==============================================================================

Image component sizes


      Code (inc. data)   RO Data    RW Data    ZI Data      Debug   Object Name

        88         44          8          4          0        252   sub128bit.o

    ----------------------------------------------------------------------
        88         44          8          4          0        252   Object Totals
         0          0          0          0          0          0   (incl. Generated)
         0          0          0          0          0          0   (incl. Padding)

    ----------------------------------------------------------------------
         0          0          0          0          0          0   Library Totals
         0          0          0          0          0          0   (incl. Padding)

    ----------------------------------------------------------------------

==============================================================================


      Code (inc. data)   RO Data    RW Data    ZI Data      Debug   

        88         44          8          4          0        252   Grand Totals
        88         44          8          4          0        252   ELF Image Totals
        88         44          8          4          0          0   ROM Totals

==============================================================================

    Total RO  Size (Code + RO Data)                   96 (   0.09kB)
    Total RW  Size (RW Data + ZI Data)                 4 (   0.00kB)
    Total ROM Size (Code + RO Data + RW Data)        100 (   0.10kB)

==============================================================================

