ARM Linker, 5.02 [Build 28] [MDK-ARM Lite]

==============================================================================

Section Cross References

    reverse_array.o(RESET) refers to reverse_array.o(code1) for Reset_Handler
    reverse_array.o(code1) refers to reverse_array.o(data1) for DST


==============================================================================

Image Symbol Table

    Local Symbols

    Symbol Name                              Value     Ov Type        Size  Object(Section)

    RESET                                    0x00000000   Section        8  reverse_array.o(RESET)
    reverse_array.s                          0x00000000   Number         0  reverse_array.o ABSOLUTE
    code1                                    0x00000008   Section      116  reverse_array.o(code1)
    SRC                                      0x0000004c   Data          32  reverse_array.o(code1)
    data1                                    0x10000000   Section        8  reverse_array.o(data1)
    DST                                      0x10000000   Data           4  reverse_array.o(data1)

    Global Symbols

    Symbol Name                              Value     Ov Type        Size  Object(Section)

    BuildAttributes$$THM_ISAv4$P$D$K$B$S$PE$A:L22UL41UL21$X:L11$S22US41US21$IEEE1$IW$USESV6$~STKCKD$USESV7$~SHL$OSPACE$EBA8$STANDARDLIB$PRES8$EABIv2 0x00000000   Number         0  anon$$obj.o ABSOLUTE
    __Vectors                                0x00000000   Data           0  reverse_array.o(RESET)
    Reset_Handler                            0x00000009   Thumb Code     0  reverse_array.o(code1)
    INSERT                                   0x00000017   Thumb Code     0  reverse_array.o(code1)



==============================================================================

Memory Map of the image

  Image Entry point : 0x00000009

  Load Region LR_IROM1 (Base: 0x00000000, Size: 0x00000084, Max: 0x00080000, ABSOLUTE)

    Execution Region ER_IROM1 (Base: 0x00000000, Size: 0x0000007c, Max: 0x00080000, ABSOLUTE)

    Base Addr    Size         Type   Attr      Idx    E Section Name        Object

    0x00000000   0x00000008   Data   RO            1    RESET               reverse_array.o
    0x00000008   0x00000074   Code   RO            2  * code1               reverse_array.o


    Execution Region RW_IRAM1 (Base: 0x10000000, Size: 0x00000008, Max: 0x00008000, ABSOLUTE)

    Base Addr    Size         Type   Attr      Idx    E Section Name        Object

    0x10000000   0x00000008   Data   RW            3    data1               reverse_array.o


==============================================================================

Image component sizes


      Code (inc. data)   RO Data    RW Data    ZI Data      Debug   Object Name

       116         48          8          8          0        268   reverse_array.o

    ----------------------------------------------------------------------
       116         48          8          8          0        268   Object Totals
         0          0          0          0          0          0   (incl. Generated)
         0          0          0          0          0          0   (incl. Padding)

    ----------------------------------------------------------------------
         0          0          0          0          0          0   Library Totals
         0          0          0          0          0          0   (incl. Padding)

    ----------------------------------------------------------------------

==============================================================================


      Code (inc. data)   RO Data    RW Data    ZI Data      Debug   

       116         48          8          8          0        268   Grand Totals
       116         48          8          8          0        268   ELF Image Totals
       116         48          8          8          0          0   ROM Totals

==============================================================================

    Total RO  Size (Code + RO Data)                  124 (   0.12kB)
    Total RW  Size (RW Data + ZI Data)                 8 (   0.01kB)
    Total ROM Size (Code + RO Data + RW Data)        132 (   0.13kB)

==============================================================================

