<html>
<body>
<pre>
<h1>µVision Build Log</h1>
<h2>Project:</h2>
E:\Study\OneDrive - Manipal Academy of Higher Education\Third Year\ESD\Lab2\Lab2.uvproj
Project File Date:  02/12/2024

<h2>Output:</h2>
assembling MLA_nSum.s...
MLA_nSum.s(30): warning: A1581W: Added 2 bytes of padding at address 0x22
MLA_nSum.s - 0 Error(s), 1 Warning(s).
Build target 'Target 1'
linking...
Lab2.sct(8): warning: L6314W: No section matches pattern *(InRoot$$Sections).
Program Size: Code=84 RO-data=8 RW-data=4 ZI-data=0  
"Lab2.axf" - 0 Error(s), 1 Warning(s).
assembling MLA_nSum.s...
MLA_nSum.s(30): warning: A1581W: Added 2 bytes of padding at address 0x22
MLA_nSum.s - 0 Error(s), 1 Warning(s).
Build target 'Target 1'
linking...
Lab2.sct(8): warning: L6314W: No section matches pattern *(InRoot$$Sections).
Program Size: Code=84 RO-data=8 RW-data=4 ZI-data=0  
"Lab2.axf" - 0 Error(s), 1 Warning(s).
assembling GCD.s...
GCD.s(40): warning: A1581W: Added 2 bytes of padding at address 0x22
GCD.s - 0 Error(s), 1 Warning(s).
Build target 'Target 1'
linking...
Lab2.sct(8): warning: L6314W: No section matches pattern *(InRoot$$Sections).
Program Size: Code=56 RO-data=8 RW-data=4 ZI-data=0  
"Lab2.axf" - 0 Error(s), 1 Warning(s).
assembling LCM.s...
LCM.s - 0 Error(s), 0 Warning(s).
Build target 'Target 1'
linking...
Lab2.sct(8): warning: L6314W: No section matches pattern *(InRoot$$Sections).
Program Size: Code=84 RO-data=8 RW-data=4 ZI-data=0  
"Lab2.axf" - 0 Error(s), 1 Warning(s).
