<html>
<body>
<pre>
<h1>µVision Build Log</h1>
<h2>Project:</h2>
E:\Study\OneDrive - Manipal Academy of Higher Education\Third Year\ESD\Midsem Practice\midsem.uvproj
Project File Date:  02/26/2024

<h2>Output:</h2>
assembling hex_to_binary.s...
hex_to_binary.s - 0 Error(s), 0 Warning(s).
Build target 'Target 1'
linking...
midsem.sct(8): warning: L6314W: No section matches pattern *(InRoot$$Sections).
Program Size: Code=60 RO-data=8 RW-data=0 ZI-data=0  
"midsem.axf" - 0 Error(s), 1 Warning(s).
assembling hex_to_binary.s...
hex_to_binary.s - 0 Error(s), 0 Warning(s).
Build target 'Target 1'
linking...
midsem.sct(8): warning: L6314W: No section matches pattern *(InRoot$$Sections).
Program Size: Code=60 RO-data=8 RW-data=0 ZI-data=0  
"midsem.axf" - 0 Error(s), 1 Warning(s).
assembling hex_to_binary.s...
hex_to_binary.s - 0 Error(s), 0 Warning(s).
Build target 'Target 1'
linking...
midsem.sct(8): warning: L6314W: No section matches pattern *(InRoot$$Sections).
Program Size: Code=60 RO-data=8 RW-data=0 ZI-data=0  
"midsem.axf" - 0 Error(s), 1 Warning(s).
assembling hex_to_binary.s...
hex_to_binary.s - 0 Error(s), 0 Warning(s).
Build target 'Target 1'
linking...
midsem.sct(8): warning: L6314W: No section matches pattern *(InRoot$$Sections).
Program Size: Code=60 RO-data=8 RW-data=0 ZI-data=0  
"midsem.axf" - 0 Error(s), 1 Warning(s).
assembling hex_to_binary.s...
hex_to_binary.s - 0 Error(s), 0 Warning(s).
Build target 'Target 1'
linking...
midsem.sct(8): warning: L6314W: No section matches pattern *(InRoot$$Sections).
Program Size: Code=64 RO-data=8 RW-data=0 ZI-data=0  
"midsem.axf" - 0 Error(s), 1 Warning(s).
assembling hex_to_binary.s...
hex_to_binary.s(44): warning: A1581W: Added 2 bytes of padding at address 0x3a
hex_to_binary.s - 0 Error(s), 1 Warning(s).
Build target 'Target 1'
linking...
midsem.sct(8): warning: L6314W: No section matches pattern *(InRoot$$Sections).
Program Size: Code=68 RO-data=8 RW-data=0 ZI-data=0  
"midsem.axf" - 0 Error(s), 1 Warning(s).
assembling hex_to_binary.s...
hex_to_binary.s(44): warning: A1581W: Added 2 bytes of padding at address 0x3a
hex_to_binary.s - 0 Error(s), 1 Warning(s).
Build target 'Target 1'
linking...
midsem.sct(8): warning: L6314W: No section matches pattern *(InRoot$$Sections).
Program Size: Code=68 RO-data=8 RW-data=0 ZI-data=0  
"midsem.axf" - 0 Error(s), 1 Warning(s).
assembling hex_to_binary.s...
hex_to_binary.s(44): warning: A1581W: Added 2 bytes of padding at address 0x3a
hex_to_binary.s - 0 Error(s), 1 Warning(s).
Build target 'Target 1'
linking...
midsem.sct(8): warning: L6314W: No section matches pattern *(InRoot$$Sections).
Program Size: Code=68 RO-data=8 RW-data=0 ZI-data=0  
"midsem.axf" - 0 Error(s), 1 Warning(s).
assembling hex_to_binary.s...
hex_to_binary.s(44): warning: A1581W: Added 2 bytes of padding at address 0x3a
hex_to_binary.s - 0 Error(s), 1 Warning(s).
Build target 'Target 1'
linking...
midsem.sct(8): warning: L6314W: No section matches pattern *(InRoot$$Sections).
Program Size: Code=68 RO-data=8 RW-data=0 ZI-data=0  
"midsem.axf" - 0 Error(s), 1 Warning(s).
Build target 'Target 1'
assembling binary_bitwise_palindrome.s...
binary_bitwise_palindrome.s(44): warning: A1581W: Added 2 bytes of padding at address 0x3a
linking...
midsem.sct(8): warning: L6314W: No section matches pattern *(InRoot$$Sections).
Program Size: Code=68 RO-data=8 RW-data=0 ZI-data=0  
"midsem.axf" - 0 Error(s), 2 Warning(s).
assembling binary_bitwise_palindrome.s...
binary_bitwise_palindrome.s - 0 Error(s), 0 Warning(s).
Build target 'Target 1'
linking...
midsem.sct(8): warning: L6314W: No section matches pattern *(InRoot$$Sections).
Program Size: Code=72 RO-data=8 RW-data=4 ZI-data=0  
"midsem.axf" - 0 Error(s), 1 Warning(s).
assembling binary_bitwise_palindrome.s...
binary_bitwise_palindrome.s - 0 Error(s), 0 Warning(s).
Build target 'Target 1'
linking...
midsem.sct(8): warning: L6314W: No section matches pattern *(InRoot$$Sections).
Program Size: Code=112 RO-data=8 RW-data=0 ZI-data=0  
"midsem.axf" - 0 Error(s), 1 Warning(s).
assembling binary_bitwise_palindrome.s...
binary_bitwise_palindrome.s - 0 Error(s), 0 Warning(s).
Build target 'Target 1'
linking...
midsem.sct(8): warning: L6314W: No section matches pattern *(InRoot$$Sections).
Program Size: Code=112 RO-data=8 RW-data=0 ZI-data=0  
"midsem.axf" - 0 Error(s), 1 Warning(s).
assembling binary_bitwise_palindrome.s...
binary_bitwise_palindrome.s - 0 Error(s), 0 Warning(s).
Build target 'Target 1'
linking...
midsem.sct(8): warning: L6314W: No section matches pattern *(InRoot$$Sections).
Program Size: Code=112 RO-data=8 RW-data=0 ZI-data=0  
"midsem.axf" - 0 Error(s), 1 Warning(s).
assembling binary_bitwise_palindrome.s...
binary_bitwise_palindrome.s(66): warning: A1581W: Added 2 bytes of padding at address 0x6e
binary_bitwise_palindrome.s - 0 Error(s), 1 Warning(s).
Build target 'Target 1'
linking...
midsem.sct(8): warning: L6314W: No section matches pattern *(InRoot$$Sections).
Program Size: Code=120 RO-data=8 RW-data=0 ZI-data=0  
"midsem.axf" - 0 Error(s), 1 Warning(s).
assembling binary_bitwise_palindrome.s...
binary_bitwise_palindrome.s(66): warning: A1581W: Added 2 bytes of padding at address 0x6e
binary_bitwise_palindrome.s - 0 Error(s), 1 Warning(s).
Build target 'Target 1'
linking...
midsem.sct(8): warning: L6314W: No section matches pattern *(InRoot$$Sections).
Program Size: Code=120 RO-data=8 RW-data=0 ZI-data=0  
"midsem.axf" - 0 Error(s), 1 Warning(s).
assembling binary_bitwise_palindrome.s...
binary_bitwise_palindrome.s(88): warning: A1581W: Added 2 bytes of padding at address 0x9a
binary_bitwise_palindrome.s - 0 Error(s), 1 Warning(s).
Build target 'Target 1'
linking...
midsem.sct(8): warning: L6314W: No section matches pattern *(InRoot$$Sections).
Program Size: Code=172 RO-data=8 RW-data=4 ZI-data=0  
"midsem.axf" - 0 Error(s), 1 Warning(s).
assembling binary_bitwise_palindrome.s...
binary_bitwise_palindrome.s - 0 Error(s), 0 Warning(s).
Build target 'Target 1'
linking...
midsem.sct(8): warning: L6314W: No section matches pattern *(InRoot$$Sections).
Program Size: Code=172 RO-data=8 RW-data=4 ZI-data=0  
"midsem.axf" - 0 Error(s), 1 Warning(s).
assembling binary_bitwise_palindrome.s...
binary_bitwise_palindrome.s - 0 Error(s), 0 Warning(s).
Build target 'Target 1'
linking...
midsem.sct(8): warning: L6314W: No section matches pattern *(InRoot$$Sections).
Program Size: Code=172 RO-data=8 RW-data=4 ZI-data=0  
"midsem.axf" - 0 Error(s), 1 Warning(s).
assembling binary_bitwise_palindrome.s...
binary_bitwise_palindrome.s - 0 Error(s), 0 Warning(s).
Build target 'Target 1'
linking...
midsem.sct(8): warning: L6314W: No section matches pattern *(InRoot$$Sections).
Program Size: Code=172 RO-data=8 RW-data=4 ZI-data=0  
"midsem.axf" - 0 Error(s), 1 Warning(s).
assembling binary_bitwise_palindrome.s...
binary_bitwise_palindrome.s - 0 Error(s), 0 Warning(s).
Build target 'Target 1'
linking...
midsem.sct(8): warning: L6314W: No section matches pattern *(InRoot$$Sections).
Program Size: Code=172 RO-data=8 RW-data=4 ZI-data=0  
"midsem.axf" - 0 Error(s), 1 Warning(s).
assembling binary_bitwise_palindrome.s...
binary_bitwise_palindrome.s - 0 Error(s), 0 Warning(s).
Build target 'Target 1'
linking...
midsem.sct(8): warning: L6314W: No section matches pattern *(InRoot$$Sections).
Program Size: Code=184 RO-data=8 RW-data=4 ZI-data=0  
"midsem.axf" - 0 Error(s), 1 Warning(s).
assembling binary_bitwise_palindrome.s...
binary_bitwise_palindrome.s - 0 Error(s), 0 Warning(s).
Build target 'Target 1'
linking...
midsem.sct(8): warning: L6314W: No section matches pattern *(InRoot$$Sections).
Program Size: Code=184 RO-data=8 RW-data=4 ZI-data=0  
"midsem.axf" - 0 Error(s), 1 Warning(s).
assembling binary_bitwise_palindrome.s...
binary_bitwise_palindrome.s - 0 Error(s), 0 Warning(s).
assembling binary_bitwise_palindrome.s...
binary_bitwise_palindrome.s - 0 Error(s), 0 Warning(s).
assembling binary_bitwise_palindrome.s...
binary_bitwise_palindrome.s - 0 Error(s), 0 Warning(s).
Build target 'Target 1'
linking...
midsem.sct(8): warning: L6314W: No section matches pattern *(InRoot$$Sections).
Program Size: Code=180 RO-data=8 RW-data=4 ZI-data=0  
"midsem.axf" - 0 Error(s), 1 Warning(s).
assembling binary_bitwise_palindrome.s...
binary_bitwise_palindrome.s - 0 Error(s), 0 Warning(s).
Build target 'Target 1'
linking...
midsem.sct(8): warning: L6314W: No section matches pattern *(InRoot$$Sections).
Program Size: Code=180 RO-data=8 RW-data=4 ZI-data=0  
"midsem.axf" - 0 Error(s), 1 Warning(s).
assembling binary_bitwise_palindrome.s...
binary_bitwise_palindrome.s - 0 Error(s), 0 Warning(s).
Build target 'Target 1'
linking...
midsem.sct(8): warning: L6314W: No section matches pattern *(InRoot$$Sections).
Program Size: Code=180 RO-data=8 RW-data=4 ZI-data=0  
"midsem.axf" - 0 Error(s), 1 Warning(s).
assembling binary_bitwise_palindrome.s...
binary_bitwise_palindrome.s - 0 Error(s), 0 Warning(s).
Build target 'Target 1'
linking...
midsem.sct(8): warning: L6314W: No section matches pattern *(InRoot$$Sections).
Program Size: Code=180 RO-data=8 RW-data=4 ZI-data=0  
"midsem.axf" - 0 Error(s), 1 Warning(s).
assembling binary_bitwise_palindrome.s...
binary_bitwise_palindrome.s - 0 Error(s), 0 Warning(s).
Build target 'Target 1'
linking...
midsem.sct(8): warning: L6314W: No section matches pattern *(InRoot$$Sections).
Program Size: Code=180 RO-data=8 RW-data=4 ZI-data=0  
"midsem.axf" - 0 Error(s), 1 Warning(s).
assembling binary_bitwise_palindrome.s...
binary_bitwise_palindrome.s - 0 Error(s), 0 Warning(s).
Build target 'Target 1'
linking...
midsem.sct(8): warning: L6314W: No section matches pattern *(InRoot$$Sections).
Program Size: Code=180 RO-data=8 RW-data=4 ZI-data=0  
"midsem.axf" - 0 Error(s), 1 Warning(s).
assembling binary_bitwise_palindrome.s...
binary_bitwise_palindrome.s - 0 Error(s), 0 Warning(s).
Build target 'Target 1'
linking...
midsem.sct(8): warning: L6314W: No section matches pattern *(InRoot$$Sections).
Program Size: Code=180 RO-data=8 RW-data=4 ZI-data=0  
"midsem.axf" - 0 Error(s), 1 Warning(s).
assembling binary_bitwise_palindrome.s...
binary_bitwise_palindrome.s - 0 Error(s), 0 Warning(s).
Build target 'Target 1'
linking...
midsem.sct(8): warning: L6314W: No section matches pattern *(InRoot$$Sections).
Program Size: Code=184 RO-data=8 RW-data=4 ZI-data=0  
"midsem.axf" - 0 Error(s), 1 Warning(s).
assembling binary_bitwise_palindrome.s...
binary_bitwise_palindrome.s - 0 Error(s), 0 Warning(s).
Build target 'Target 1'
linking...
midsem.sct(8): warning: L6314W: No section matches pattern *(InRoot$$Sections).
Program Size: Code=188 RO-data=8 RW-data=4 ZI-data=0  
"midsem.axf" - 0 Error(s), 1 Warning(s).
assembling binary_bitwise_palindrome.s...
binary_bitwise_palindrome.s - 0 Error(s), 0 Warning(s).
Build target 'Target 1'
linking...
midsem.sct(8): warning: L6314W: No section matches pattern *(InRoot$$Sections).
Program Size: Code=188 RO-data=8 RW-data=4 ZI-data=0  
"midsem.axf" - 0 Error(s), 1 Warning(s).
