ARM Linker, 5.02 [Build 28] [MDK-ARM Lite]

==============================================================================

Section Cross References

    prac1.o(RESET) refers to prac1.o(myCode) for Reset_Handler


==============================================================================

Removing Unused input sections from the image.

    Removing prac1.o(data1), (4 bytes).

1 unused section(s) (total 4 bytes) removed from the image.

==============================================================================

Image Symbol Table

    Local Symbols

    Symbol Name                              Value     Ov Type        Size  Object(Section)

    RESET                                    0x00000000   Section        8  prac1.o(RESET)
    prac1.s                                  0x00000000   Number         0  prac1.o ABSOLUTE
    myCode                                   0x00000008   Section       56  prac1.o(myCode)

    Global Symbols

    Symbol Name                              Value     Ov Type        Size  Object(Section)

    BuildAttributes$$THM_ISAv4$P$D$K$B$S$PE$A:L22UL41UL21$X:L11$S22US41US21$IEEE1$IW$USESV6$~STKCKD$USESV7$~SHL$OSPACE$EBA8$STANDARDLIB$EABIv2 0x00000000   Number         0  anon$$obj.o ABSOLUTE
    __Vectors                                0x00000000   Data           0  prac1.o(RESET)
    Reset_Handler                            0x00000009   Thumb Code     0  prac1.o(myCode)



==============================================================================

Memory Map of the image

  Image Entry point : 0x00000009

  Load Region LR_IROM1 (Base: 0x00000000, Size: 0x00000040, Max: 0x00080000, ABSOLUTE)

    Execution Region ER_IROM1 (Base: 0x00000000, Size: 0x00000040, Max: 0x00080000, ABSOLUTE)

    Base Addr    Size         Type   Attr      Idx    E Section Name        Object

    0x00000000   0x00000008   Data   RO            1    RESET               prac1.o
    0x00000008   0x00000038   Code   RO            2  * myCode              prac1.o


    Execution Region RW_IRAM1 (Base: 0x10000000, Size: 0x00000000, Max: 0x00008000, ABSOLUTE)

    **** No section assigned to this execution region ****


==============================================================================

Image component sizes


      Code (inc. data)   RO Data    RW Data    ZI Data      Debug   Object Name

        56         22          8          0          0        252   prac1.o

    ----------------------------------------------------------------------
        56         22          8          0          0        252   Object Totals
         0          0          0          0          0          0   (incl. Generated)
         0          0          0          0          0          0   (incl. Padding)

    ----------------------------------------------------------------------
         0          0          0          0          0          0   Library Totals
         0          0          0          0          0          0   (incl. Padding)

    ----------------------------------------------------------------------

==============================================================================


      Code (inc. data)   RO Data    RW Data    ZI Data      Debug   

        56         22          8          0          0        252   Grand Totals
        56         22          8          0          0        252   ELF Image Totals
        56         22          8          0          0          0   ROM Totals

==============================================================================

    Total RO  Size (Code + RO Data)                   64 (   0.06kB)
    Total RW  Size (RW Data + ZI Data)                 0 (   0.00kB)
    Total ROM Size (Code + RO Data + RW Data)         64 (   0.06kB)

==============================================================================

