ARM Linker, 5.02 [Build 28] [MDK-ARM Lite]

==============================================================================

Section Cross References

    binary_bitwise_palindrome.o(RESET) refers to binary_bitwise_palindrome.o(bitwise_palindrome) for Reset_Handler
    binary_bitwise_palindrome.o(bitwise_palindrome) refers to binary_bitwise_palindrome.o(dseg) for DST


==============================================================================

Image Symbol Table

    Local Symbols

    Symbol Name                              Value     Ov Type        Size  Object(Section)

    RESET                                    0x00000000   Section        8  binary_bitwise_palindrome.o(RESET)
    binary_bitwise_palindrome.s              0x00000000   Number         0  binary_bitwise_palindrome.o ABSOLUTE
    bitwise_palindrome                       0x00000008   Section      188  binary_bitwise_palindrome.o(bitwise_palindrome)
    SRC                                      0x000000b4   Data           4  binary_bitwise_palindrome.o(bitwise_palindrome)
    dseg                                     0x10000000   Section        4  binary_bitwise_palindrome.o(dseg)
    DST                                      0x10000000   Data           4  binary_bitwise_palindrome.o(dseg)

    Global Symbols

    Symbol Name                              Value     Ov Type        Size  Object(Section)

    BuildAttributes$$THM_ISAv4$P$D$K$B$S$PE$A:L22UL41UL21$X:L11$S22US41US21$IEEE1$IW$USESV6$~STKCKD$USESV7$~SHL$OSPACE$EBA8$STANDARDLIB$EABIv2 0x00000000   Number         0  anon$$obj.o ABSOLUTE
    __Vectors                                0x00000000   Data           0  binary_bitwise_palindrome.o(RESET)
    Reset_Handler                            0x00000009   Thumb Code     0  binary_bitwise_palindrome.o(bitwise_palindrome)



==============================================================================

Memory Map of the image

  Image Entry point : 0x00000009

  Load Region LR_IROM1 (Base: 0x00000000, Size: 0x000000c8, Max: 0x00080000, ABSOLUTE)

    Execution Region ER_IROM1 (Base: 0x00000000, Size: 0x000000c4, Max: 0x00080000, ABSOLUTE)

    Base Addr    Size         Type   Attr      Idx    E Section Name        Object

    0x00000000   0x00000008   Data   RO            1    RESET               binary_bitwise_palindrome.o
    0x00000008   0x000000bc   Code   RO            2  * bitwise_palindrome  binary_bitwise_palindrome.o


    Execution Region RW_IRAM1 (Base: 0x10000000, Size: 0x00000004, Max: 0x00008000, ABSOLUTE)

    Base Addr    Size         Type   Attr      Idx    E Section Name        Object

    0x10000000   0x00000004   Data   RW            3    dseg                binary_bitwise_palindrome.o


==============================================================================

Image component sizes


      Code (inc. data)   RO Data    RW Data    ZI Data      Debug   Object Name

       188         16          8          4          0        340   binary_bitwise_palindrome.o

    ----------------------------------------------------------------------
       188         16          8          4          0        340   Object Totals
         0          0          0          0          0          0   (incl. Generated)
         0          0          0          0          0          0   (incl. Padding)

    ----------------------------------------------------------------------
         0          0          0          0          0          0   Library Totals
         0          0          0          0          0          0   (incl. Padding)

    ----------------------------------------------------------------------

==============================================================================


      Code (inc. data)   RO Data    RW Data    ZI Data      Debug   

       188         16          8          4          0        340   Grand Totals
       188         16          8          4          0        340   ELF Image Totals
       188         16          8          4          0          0   ROM Totals

==============================================================================

    Total RO  Size (Code + RO Data)                  196 (   0.19kB)
    Total RW  Size (RW Data + ZI Data)                 4 (   0.00kB)
    Total ROM Size (Code + RO Data + RW Data)        200 (   0.20kB)

==============================================================================

