ARM Linker, 5.02 [Build 28] [MDK-ARM Lite]

==============================================================================

Section Cross References

    hexadecimal_to_bcd.o(RESET) refers to hexadecimal_to_bcd.o(mycode) for Reset_Handler
    hexadecimal_to_bcd.o(mycode) refers to hexadecimal_to_bcd.o(DATASEG) for DST


==============================================================================

Image Symbol Table

    Local Symbols

    Symbol Name                              Value     Ov Type        Size  Object(Section)

    RESET                                    0x00000000   Section        8  hexadecimal_to_bcd.o(RESET)
    Hexadecimal_To_BCD.s                     0x00000000   Number         0  hexadecimal_to_bcd.o ABSOLUTE
    mycode                                   0x00000008   Section       84  hexadecimal_to_bcd.o(mycode)
    NUM                                      0x00000050   Data           4  hexadecimal_to_bcd.o(mycode)
    DATASEG                                  0x10000000   Section        4  hexadecimal_to_bcd.o(DATASEG)
    DST                                      0x10000000   Data           4  hexadecimal_to_bcd.o(DATASEG)

    Global Symbols

    Symbol Name                              Value     Ov Type        Size  Object(Section)

    BuildAttributes$$THM_ISAv4$P$D$K$B$S$PE$A:L22UL41UL21$X:L11$S22US41US21$IEEE1$IW$USESV6$~STKCKD$USESV7$~SHL$OSPACE$EBA8$STANDARDLIB$PRES8$EABIv2 0x00000000   Number         0  anon$$obj.o ABSOLUTE
    __Vectors                                0x00000000   Data           0  hexadecimal_to_bcd.o(RESET)
    Reset_Handler                            0x00000009   Thumb Code     0  hexadecimal_to_bcd.o(mycode)



==============================================================================

Memory Map of the image

  Image Entry point : 0x00000009

  Load Region LR_IROM1 (Base: 0x00000000, Size: 0x00000060, Max: 0x00080000, ABSOLUTE)

    Execution Region ER_IROM1 (Base: 0x00000000, Size: 0x0000005c, Max: 0x00080000, ABSOLUTE)

    Base Addr    Size         Type   Attr      Idx    E Section Name        Object

    0x00000000   0x00000008   Data   RO            1    RESET               hexadecimal_to_bcd.o
    0x00000008   0x00000054   Code   RO            2  * mycode              hexadecimal_to_bcd.o


    Execution Region RW_IRAM1 (Base: 0x10000000, Size: 0x00000004, Max: 0x00008000, ABSOLUTE)

    Base Addr    Size         Type   Attr      Idx    E Section Name        Object

    0x10000000   0x00000004   Data   RW            3    DATASEG             hexadecimal_to_bcd.o


==============================================================================

Image component sizes


      Code (inc. data)   RO Data    RW Data    ZI Data      Debug   Object Name

        84         14          8          4          0        280   hexadecimal_to_bcd.o

    ----------------------------------------------------------------------
        84         14          8          4          0        280   Object Totals
         0          0          0          0          0          0   (incl. Generated)
         0          0          0          0          0          0   (incl. Padding)

    ----------------------------------------------------------------------
         0          0          0          0          0          0   Library Totals
         0          0          0          0          0          0   (incl. Padding)

    ----------------------------------------------------------------------

==============================================================================


      Code (inc. data)   RO Data    RW Data    ZI Data      Debug   

        84         14          8          4          0        280   Grand Totals
        84         14          8          4          0        280   ELF Image Totals
        84         14          8          4          0          0   ROM Totals

==============================================================================

    Total RO  Size (Code + RO Data)                   92 (   0.09kB)
    Total RW  Size (RW Data + ZI Data)                 4 (   0.00kB)
    Total ROM Size (Code + RO Data + RW Data)         96 (   0.09kB)

==============================================================================

