<html>
<body>
<pre>
<h1>µVision Build Log</h1>
<h2>Project:</h2>
E:\Study\OneDrive - Manipal Academy of Higher Education\Third Year\ESD\Lab3\Lab3.uvproj
Project File Date:  02/12/2024

<h2>Output:</h2>
assembling Hexadecimal_To_BCD.s...
Hexadecimal_To_BCD.s - 0 Error(s), 0 Warning(s).
assembling Hexadecimal_To_BCD.s...
Hexadecimal_To_BCD.s - 0 Error(s), 0 Warning(s).
Build target 'Target 1'
linking...
Lab3.sct(8): warning: L6314W: No section matches pattern *(InRoot$$Sections).
Program Size: Code=80 RO-data=8 RW-data=4 ZI-data=0  
"Lab3.axf" - 0 Error(s), 1 Warning(s).
assembling Hexadecimal_To_BCD.s...
Hexadecimal_To_BCD.s - 0 Error(s), 0 Warning(s).
Build target 'Target 1'
linking...
Lab3.sct(8): warning: L6314W: No section matches pattern *(InRoot$$Sections).
Program Size: Code=80 RO-data=8 RW-data=4 ZI-data=0  
"Lab3.axf" - 0 Error(s), 1 Warning(s).
Build target 'Target 1'
assembling Hexadecimal_To_BCD.s...
Hexadecimal_To_BCD.s(43): warning: A1581W: Added 2 bytes of padding at address 0x46
linking...
Lab3.sct(8): warning: L6314W: No section matches pattern *(InRoot$$Sections).
Program Size: Code=84 RO-data=8 RW-data=4 ZI-data=0  
"Lab3.axf" - 0 Error(s), 2 Warning(s).
Build target 'Target 1'
linking...
Lab3.sct(8): warning: L6314W: No section matches pattern *(InRoot$$Sections).
Program Size: Code=84 RO-data=8 RW-data=4 ZI-data=0  
"Lab3.axf" - 0 Error(s), 1 Warning(s).
Build target 'Target 1'
linking...
Lab3.sct(8): warning: L6314W: No section matches pattern *(InRoot$$Sections).
Program Size: Code=84 RO-data=8 RW-data=4 ZI-data=0  
"Lab3.axf" - 0 Error(s), 1 Warning(s).
